[preview.colorlib.com/theme/educrown/index.html]
[backblue.gif]
[fade.gif]
[index.html]
[preview.colorlib.com/theme/educrown/assest/img/xfavicon.png.pagespeed.ic.BzXhbjIE47.png]
[preview.colorlib.com/theme/educrown/assest/css/plugins.css]
[preview.colorlib.com/theme/educrown/assest/css/theme.css]
[preview.colorlib.com/theme/educrown/assest/css/icons/font-awesome.min.css]
[preview.colorlib.com/theme/educrown/assest/css/icons/bicon.min.css]
[preview.colorlib.com/theme/educrown/assest/css/icons/themify-icons.css]
[preview.colorlib.com/theme/educrown/assest/css/icons/icofont.css]
[preview.colorlib.com/theme/educrown/A.style.css+assest,,_css,,_responsive.css,Mcc.p59ycfPQpr.css.pagespeed.cf.56LreLdKMG.css]
[preview.colorlib.com/theme/educrown/assest/js/vendor/modernizr-2.8.3.min.js]
[preview.colorlib.com/theme/educrown/assest/img/xlogo.png.pagespeed.ic.4iIFBOepW-.png]
[preview.colorlib.com/theme/educrown/assest/img/course/xblog-1.jpg.pagespeed.ic.zljXuJarij.jpg]
[preview.colorlib.com/theme/educrown/assest/img/course/xblog-2.jpg.pagespeed.ic.Hl9ANprp-U.jpg]
[preview.colorlib.com/theme/educrown/assest/img/course/xblog-3.jpg.pagespeed.ic.I-bAYuI6Iy.jpg]
[preview.colorlib.com/theme/educrown/assest/img/course/xblog-4.jpg.pagespeed.ic.-hCFdccVuQ.jpg]
[preview.colorlib.com/theme/educrown/assest/img/about/xabout.jpg.pagespeed.ic.o0-xQwZFy9.jpg]
[preview.colorlib.com/theme/educrown/assest/img/testmonial/xtestmonial.jpg.pagespeed.ic.NiP6dEKKiX.jpg]
[preview.colorlib.com/theme/educrown/blog.html]
[preview.colorlib.com/theme/educrown/assest/img/blog/xblog-1.jpg.pagespeed.ic.sylBb3RTXl.jpg]
[preview.colorlib.com/theme/educrown/assest/img/blog/xblog-2.jpg.pagespeed.ic.ddZKeHvh0L.jpg]
[preview.colorlib.com/theme/educrown/assest/img/blog/xblog-3.jpg.pagespeed.ic.hwdgIeLxe0.jpg]
[preview.colorlib.com/theme/educrown/assest/img/client/xclient-6.png.pagespeed.ic.nU51kmpFnQ.png]
[preview.colorlib.com/theme/educrown/assest/img/client/xclient-7.png.pagespeed.ic.eWCt7Inz7t.png]
[preview.colorlib.com/theme/educrown/assest/img/client/xclient-8.png.pagespeed.ic.-s6_im6zqQ.png]
[preview.colorlib.com/theme/educrown/assest/img/client/xclient-9.png.pagespeed.ic.4d7n3XcChl.png]
[preview.colorlib.com/theme/educrown/assest/img/client/xclient-10.png.pagespeed.ic.G_ZAZwfMwO.png]
[preview.colorlib.com/theme/educrown/assest/js/vendor/jquery-1.12.4.min.js]
[preview.colorlib.com/theme/educrown/assest/js/vendor/bootstrap.min.js+jquery.easing.1.3.js+jquery-migrate-1.2.1.min.js+jquery.appear.js.pagespeed.jc.HBfaI5N2X6.js]
[preview.colorlib.com/theme/educrown/assest/js/owl.carousel.min.js]
[preview.colorlib.com/theme/educrown/index.html]
[preview.colorlib.com/theme/educrown/assest/js/stellar.js]
[preview.colorlib.com/theme/educrown/assest/js/waypoints.min.js+jquery.counterup.min.js+wow.min.js+jquery-modal-video.min.js+stellarnav.min.js+placeholdem.min.js+contact-form.js+jquery.ajaxchimp.js+jquery.sticky.js+m]
[preview.colorlib.com/theme/educrown/assest/css/plugins/normalize.css]
[preview.colorlib.com/theme/educrown/assest/css/plugins/animate.css]
[preview.colorlib.com/theme/educrown/assest/css/plugins/modal-video.min.css]
[preview.colorlib.com/theme/educrown/assest/css/plugins/owl.carousel.css]
[preview.colorlib.com/theme/educrown/assest/css/plugins/stellarnav.min.css]
[preview.colorlib.com/theme/educrown/assest/css/plugins.css]
[preview.colorlib.com/theme/educrown/assest/css/plugins/bootstrap.min.css]
[preview.colorlib.com/theme/educrown/assest/css/core/text-typography.css]
[preview.colorlib.com/theme/educrown/assest/css/core/default.css]
[preview.colorlib.com/theme/educrown/assest/css/core/margin.css]
[preview.colorlib.com/theme/educrown/assest/css/core/padding.css]
[preview.colorlib.com/theme/educrown/assest/css/core/background.css]
[preview.colorlib.com/theme/educrown/assest/css/core/color.css]
[preview.colorlib.com/theme/educrown/assest/css/core/border.css]
[preview.colorlib.com/theme/educrown/assest/css/core/shadow.css]
[preview.colorlib.com/theme/educrown/assest/css/core/before-after.css]
[preview.colorlib.com/theme/educrown/assest/css/core/menu.css]
[preview.colorlib.com/theme/educrown/assest/css/core/form-and-input.css]
[preview.colorlib.com/theme/educrown/assest/css/core/area-bg.css]
[preview.colorlib.com/theme/educrown/assest/css/core/area-title.css]
[preview.colorlib.com/theme/educrown/assest/css/core/hover.css]
[preview.colorlib.com/theme/educrown/assest/css/core/home-area.css]
[preview.colorlib.com/theme/educrown/assest/css/core/slider-area.css]
[preview.colorlib.com/theme/educrown/assest/css/core/box.css]
[preview.colorlib.com/theme/educrown/assest/css/core/team.css]
[preview.colorlib.com/theme/educrown/assest/css/core/screenshot.css]
[preview.colorlib.com/theme/educrown/assest/css/theme.css]
[preview.colorlib.com/theme/educrown/assest/fonts/fontawesome-webfont3e6e.eot]
[preview.colorlib.com/theme/educrown/assest/fonts/fontawesome-webfont3e6e.woff2]
[preview.colorlib.com/theme/educrown/assest/fonts/fontawesome-webfontd41d.eot]
[preview.colorlib.com/theme/educrown/assest/fonts/fontawesome-webfont3e6e.woff]
[preview.colorlib.com/theme/educrown/assest/fonts/fontawesome-webfont3e6e.ttf]
[preview.colorlib.com/theme/educrown/assest/css/icons/font-awesome.min.css]
[preview.colorlib.com/theme/educrown/assest/fonts/fontawesome-webfont3e6e.svg]
[preview.colorlib.com/theme/educrown/assest/fonts/bicon615a.eot]
[preview.colorlib.com/theme/educrown/assest/fonts/bicon615a.ttf]
[preview.colorlib.com/theme/educrown/assest/fonts/bicon615a.woff]
[preview.colorlib.com/theme/educrown/assest/css/icons/bicon.min.css]
[preview.colorlib.com/theme/educrown/assest/fonts/bicon615a.svg]
[preview.colorlib.com/theme/educrown/assest/fonts/themify9f24.eot]
[preview.colorlib.com/theme/educrown/assest/fonts/themifyd41d.eot]
[preview.colorlib.com/theme/educrown/assest/fonts/themify9f24.woff]
[preview.colorlib.com/theme/educrown/assest/fonts/themify9f24.ttf]
[preview.colorlib.com/theme/educrown/assest/css/icons/themify-icons.css]
[preview.colorlib.com/theme/educrown/assest/fonts/themify9f24.svg]
[preview.colorlib.com/theme/educrown/assest/fonts/icofont7858.eot]
[preview.colorlib.com/theme/educrown/assest/fonts/icofont7858.ttf]
[preview.colorlib.com/theme/educrown/assest/fonts/icofont7858.woff]
[preview.colorlib.com/theme/educrown/assest/css/icons/icofont.css]
[preview.colorlib.com/theme/educrown/A.style.css+assest,,_css,,_responsive.css,Mcc.p59ycfPQpr.css.pagespeed.cf.56LreLdKMG.css]
[preview.colorlib.com/theme/educrown/blog.html]
[preview.colorlib.com/theme/educrown/assest/css/plugins/normalize.css]
[preview.colorlib.com/theme/educrown/assest/css/plugins/animate.css]
[preview.colorlib.com/theme/educrown/assest/css/plugins/modal-video.min.css]
[preview.colorlib.com/theme/educrown/assest/css/img/owl.video.play.png]
[preview.colorlib.com/theme/educrown/assest/css/plugins/owl.carousel.css]
[preview.colorlib.com/theme/educrown/assest/css/plugins/stellarnav.min.css]
[preview.colorlib.com/theme/educrown/assest/css/fonts/glyphicons-halflings-regular.eot]
[preview.colorlib.com/theme/educrown/assest/fonts/icofont7858.svg]
[preview.colorlib.com/theme/educrown/assest/css/fonts/glyphicons-halflings-regulard41d.eot]
[preview.colorlib.com/theme/educrown/assest/css/fonts/glyphicons-halflings-regular.woff2]
[preview.colorlib.com/theme/educrown/assest/css/fonts/glyphicons-halflings-regular.woff]
[preview.colorlib.com/theme/educrown/assest/css/fonts/glyphicons-halflings-regular.ttf]
[preview.colorlib.com/theme/educrown/assest/css/fonts/glyphicons-halflings-regular.svg]
[preview.colorlib.com/theme/educrown/assest/css/plugins/bootstrap.min.css]
[preview.colorlib.com/theme/educrown/assest/css/core/text-typography.css]
[preview.colorlib.com/theme/educrown/assest/css/core/default.css]
[preview.colorlib.com/theme/educrown/assest/css/core/margin.css]
[preview.colorlib.com/theme/educrown/assest/css/core/padding.css]
[preview.colorlib.com/theme/educrown/assest/css/core/background.css]
[preview.colorlib.com/theme/educrown/assest/css/core/color.css]
[preview.colorlib.com/theme/educrown/assest/css/core/border.css]
[preview.colorlib.com/theme/educrown/assest/css/core/shadow.css]
[preview.colorlib.com/theme/educrown/assest/css/core/before-after.css]
[preview.colorlib.com/theme/educrown/assest/css/core/menu.css]
[preview.colorlib.com/theme/educrown/assest/css/core/form-and-input.css]
[preview.colorlib.com/theme/educrown/assest/css/core/area-bg.css]
[preview.colorlib.com/theme/educrown/assest/css/core/area-title.css]
[preview.colorlib.com/theme/educrown/assest/css/core/hover.css]
[preview.colorlib.com/theme/educrown/assest/css/core/home-area.css]
[preview.colorlib.com/theme/educrown/assest/css/core/slider-area.css]
[preview.colorlib.com/theme/educrown/assest/css/core/box.css]
[preview.colorlib.com/theme/educrown/assest/css/core/team.css]
[preview.colorlib.com/theme/educrown/assest/img/screenshot/screenshot-mobile-mockup.png]
[preview.colorlib.com/theme/educrown/assest/css/core/screenshot.css]
[preview.colorlib.com/theme/educrown/assest/css/core/blog.css]
[preview.colorlib.com/theme/educrown/assest/css/core/widgets.css]
[preview.colorlib.com/theme/educrown/assest/css/core/single-page.css]
[preview.colorlib.com/theme/educrown/assest/fonts/fontawesome-webfont3e6e.svg]
[preview.colorlib.com/theme/educrown/assest/fonts/bicon615a.svg]
[preview.colorlib.com/theme/educrown/assest/fonts/themify9f24.svg]
[preview.colorlib.com/theme/educrown/assest/fonts/icofont7858.svg]
[preview.colorlib.com/theme/educrown/assest/css/img/owl.video.play.html]
[preview.colorlib.com/theme/educrown/assest/css/fonts/glyphicons-halflings-regular.html]
[preview.colorlib.com/theme/educrown/assest/css/fonts/glyphicons-halflings-regulard41d.html]
[preview.colorlib.com/theme/educrown/assest/css/fonts/glyphicons-halflings-regular-2.html]
[preview.colorlib.com/theme/educrown/assest/css/fonts/glyphicons-halflings-regular-3.html]
[preview.colorlib.com/theme/educrown/assest/css/fonts/glyphicons-halflings-regular-4.html]
[preview.colorlib.com/theme/educrown/assest/css/fonts/glyphicons-halflings-regular-5.html]
[preview.colorlib.com/theme/educrown/assest/img/screenshot/screenshot-mobile-mockup.html]
